// Jest Snapshot v1, https://goo.gl/fbAQLP

exports[`Test the report form should render with the correct elements 1`] = `
<Provider
  store={
    Object {
      "clearActions": [Function],
      "dispatch": [Function],
      "getActions": [Function],
      "getState": [Function],
      "replaceReducer": [Function],
      "subscribe": [Function],
    }
  }
>
  <MemoryRouter>
    <Router
      history={
        Object {
          "action": "POP",
          "block": [Function],
          "canGo": [Function],
          "createHref": [Function],
          "entries": Array [
            Object {
              "hash": "",
              "key": "rhzs8l",
              "pathname": "/",
              "search": "",
              "state": undefined,
            },
          ],
          "go": [Function],
          "goBack": [Function],
          "goForward": [Function],
          "index": 0,
          "length": 1,
          "listen": [Function],
          "location": Object {
            "hash": "",
            "key": "rhzs8l",
            "pathname": "/",
            "search": "",
            "state": undefined,
          },
          "push": [Function],
          "replace": [Function],
        }
      }
    >
      <ViewModal
        authorise={[MockFunction]}
        comment="No comments provied"
        displayModal={false}
        fetching={false}
        formType="signup"
        history={
          Object {
            "location": Object {
              "pathname": "",
            },
            "push": [MockFunction],
          }
        }
        image="https://via.placeholder.com/700x400"
        isLoggedIn={false}
      >
        <Modal
          ariaHideApp={false}
          bodyOpenClassName="ReactModal__Body--open"
          className="Modal"
          closeTimeoutMS={0}
          contentLabel="Modal Option"
          isOpen={false}
          overlayClassName="Overlay"
          parentSelector={[Function]}
          portalClassName="ReactModalPortal"
          role="dialog"
          shouldCloseOnEsc={true}
          shouldCloseOnOverlayClick={true}
          shouldFocusAfterRender={true}
          shouldReturnFocusAfterClose={true}
        >
          <Portal
            containerInfo={
              <div
                class="ReactModalPortal"
              />
            }
          >
            <ModalPortal
              ariaHideApp={false}
              bodyOpenClassName="ReactModal__Body--open"
              className="Modal"
              closeTimeoutMS={0}
              contentLabel="Modal Option"
              defaultStyles={
                Object {
                  "content": Object {
                    "WebkitOverflowScrolling": "touch",
                    "background": "#fff",
                    "border": "1px solid #ccc",
                    "borderRadius": "4px",
                    "bottom": "40px",
                    "left": "40px",
                    "outline": "none",
                    "overflow": "auto",
                    "padding": "20px",
                    "position": "absolute",
                    "right": "40px",
                    "top": "40px",
                  },
                  "overlay": Object {
                    "backgroundColor": "rgba(255, 255, 255, 0.75)",
                    "bottom": 0,
                    "left": 0,
                    "position": "fixed",
                    "right": 0,
                    "top": 0,
                  },
                }
              }
              isOpen={false}
              overlayClassName="Overlay"
              parentSelector={[Function]}
              portalClassName="ReactModalPortal"
              role="dialog"
              shouldCloseOnEsc={true}
              shouldCloseOnOverlayClick={true}
              shouldFocusAfterRender={true}
              shouldReturnFocusAfterClose={true}
              style={
                Object {
                  "content": Object {},
                  "overlay": Object {},
                }
              }
            />
          </Portal>
        </Modal>
      </ViewModal>
    </Router>
  </MemoryRouter>
</Provider>
`;
