// Jest Snapshot v1, https://goo.gl/fbAQLP

exports[`Test the report form should render with the correct elements 1`] = `undefined`;
