// Jest Snapshot v1, https://goo.gl/fbAQLP

exports[`Test the report form should render with the correct elements 1`] = `
<Provider
  store={
    Object {
      "clearActions": [Function],
      "dispatch": [Function],
      "getActions": [Function],
      "getState": [Function],
      "replaceReducer": [Function],
      "subscribe": [Function],
    }
  }
>
  <MemoryRouter>
    <Router
      history={
        Object {
          "action": "POP",
          "block": [Function],
          "canGo": [Function],
          "createHref": [Function],
          "entries": Array [
            Object {
              "hash": "",
              "key": "63ey8a",
              "pathname": "/",
              "search": "",
              "state": undefined,
            },
          ],
          "go": [Function],
          "goBack": [Function],
          "goForward": [Function],
          "index": 0,
          "length": 1,
          "listen": [Function],
          "location": Object {
            "hash": "",
            "key": "63ey8a",
            "pathname": "/",
            "search": "",
            "state": undefined,
          },
          "push": [Function],
          "replace": [Function],
        }
      }
    >
      <OurStories
        authorise={[MockFunction]}
        fetching={false}
        formType="signup"
        history={
          Object {
            "location": Object {
              "pathname": "",
            },
            "push": [MockFunction],
          }
        }
        isLoggedIn={false}
      >
        <section
          className="section-stories"
        >
          <h1
            className="section-stories__title"
          >
            Our Breakthroughs
          </h1>
          <div
            className="section-stories__cards-container"
          >
            <CardStory
              src="https://res.cloudinary.com/dmx0a3nqi/image/upload/v1557047211/people-3137670_1280.jpg"
              text="Lorem ipsum dolor sit amet consectetur adipisicing elit. Dignissimos, facere at. Deserunt, accusantium tempora similique veniam sed sapiente consequatur adipisci asperiores ratione illo molestiae animi, voluptate quam ipsa dignissimos aliquid?"
              title="Corrupt school teacher convicted"
            >
              <div
                className="card"
              >
                <div
                  className="card__img-container"
                >
                  <img
                    alt="Smiley face"
                    className="card__img"
                    src="https://res.cloudinary.com/dmx0a3nqi/image/upload/v1557047211/people-3137670_1280.jpg"
                  />
                </div>
                <div
                  className="card__text-container"
                >
                  <p>
                    <h2>
                      <Link
                        className="link-on-black"
                        to="/"
                      >
                        <a
                          className="link-on-black"
                          href="/"
                          onClick={[Function]}
                        >
                          Corrupt school teacher convicted
                        </a>
                      </Link>
                    </h2>
                    Lorem ipsum dolor sit amet consectetur adipisicing elit. Dignissimos, facere at. Deserunt, accusantium tempora similique veniam sed sapiente consequatur adipisci asperiores ratione illo molestiae animi, voluptate quam ipsa dignissimos aliquid?
                  </p>
                </div>
              </div>
            </CardStory>
            <CardStory
              src="https://res.cloudinary.com/dmx0a3nqi/image/upload/v1557047212/children-486968_1280.jpg"
              text="Lorem ipsum dolor sit amet consectetur adipisicing elit. Dignissimos, facere at. Deserunt, accusantium tempora similique veniam sed sapiente consequatur adipisci asperiores ratione illo molestiae animi, voluptate quam ipsa dignissimos aliquid?"
              title="Children rescued from child labour"
            >
              <div
                className="card"
              >
                <div
                  className="card__img-container"
                >
                  <img
                    alt="Smiley face"
                    className="card__img"
                    src="https://res.cloudinary.com/dmx0a3nqi/image/upload/v1557047212/children-486968_1280.jpg"
                  />
                </div>
                <div
                  className="card__text-container"
                >
                  <p>
                    <h2>
                      <Link
                        className="link-on-black"
                        to="/"
                      >
                        <a
                          className="link-on-black"
                          href="/"
                          onClick={[Function]}
                        >
                          Children rescued from child labour
                        </a>
                      </Link>
                    </h2>
                    Lorem ipsum dolor sit amet consectetur adipisicing elit. Dignissimos, facere at. Deserunt, accusantium tempora similique veniam sed sapiente consequatur adipisci asperiores ratione illo molestiae animi, voluptate quam ipsa dignissimos aliquid?
                  </p>
                </div>
              </div>
            </CardStory>
            <CardStory
              src="https://res.cloudinary.com/dmx0a3nqi/image/upload/v1548974192/lllx10jywxs3wqjr6jvh.jpg"
              text="Lorem ipsum dolor sit amet consectetur adipisicing elit. Dignissimos, facere at. Deserunt, accusantium tempora similique veniam sed sapiente consequatur adipisci asperiores ratione illo molestiae animi, voluptate quam ipsa dignissimos aliquid?"
              title="Community saved from flooding"
            >
              <div
                className="card"
              >
                <div
                  className="card__img-container"
                >
                  <img
                    alt="Smiley face"
                    className="card__img"
                    src="https://res.cloudinary.com/dmx0a3nqi/image/upload/v1548974192/lllx10jywxs3wqjr6jvh.jpg"
                  />
                </div>
                <div
                  className="card__text-container"
                >
                  <p>
                    <h2>
                      <Link
                        className="link-on-black"
                        to="/"
                      >
                        <a
                          className="link-on-black"
                          href="/"
                          onClick={[Function]}
                        >
                          Community saved from flooding
                        </a>
                      </Link>
                    </h2>
                    Lorem ipsum dolor sit amet consectetur adipisicing elit. Dignissimos, facere at. Deserunt, accusantium tempora similique veniam sed sapiente consequatur adipisci asperiores ratione illo molestiae animi, voluptate quam ipsa dignissimos aliquid?
                  </p>
                </div>
              </div>
            </CardStory>
          </div>
        </section>
      </OurStories>
    </Router>
  </MemoryRouter>
</Provider>
`;
