// Jest Snapshot v1, https://goo.gl/fbAQLP

exports[`Test the SectionMainView component on the home page should render homepage correctly 1`] = `ShallowWrapper {}`;
